// Jest Snapshot v1, https://goo.gl/fbAQLP

exports[`HomeSection Component matches snapshot 1`] = `
<div>
  <div
    class="section"
  >
    <div
      class="section-header"
    />
    <div
      class="section-container"
    />
  </div>
</div>
`;

exports[`renders Header component correctly 1`] = `
<div>
  <header
    class="header"
  >
    <nav
      class="nav"
    >
      <ul
        class="nav-list"
      >
        <li
          class="nav-item  active"
        >
          <a
            class="nav-link"
            href="/"
          >
            Home
          </a>
        </li>
        <li
          class="nav-item "
        >
          <a
            class="nav-link"
            href="/leaderboard"
          >
            Leaderboard
          </a>
        </li>
        <li
          class="nav-item "
        >
          <a
            class="nav-link"
            href="/add"
          >
            New
          </a>
        </li>
      </ul>
    </nav>
    <div
      class="user-info"
    >
      <button
        class="logout-btn"
      >
        Logout
      </button>
    </div>
  </header>
</div>
`;

exports[`renders HomeSection component correctly 1`] = `
<div>
  <div
    class="section"
  >
    <div
      class="section-header"
    />
    <div
      class="section-container"
    />
  </div>
</div>
`;
